---
source: crates/converter/tests/snapshots.rs
assertion_line: 215
expression: manifest
---
{
  "archives": {
    "skyrim - meshes.bsa": {
      "files": [
        {
          "hash": "[hash]",
          "path": "meshes/generated.nif",
          "size": 724
        }
      ],
      "source_hash": "[source_hash]"
    },
    "skyrim - misc.bsa": {
      "files": [
        {
          "hash": "[hash]",
          "path": "scripts/generated.pex",
          "size": 134
        },
        {
          "hash": "[hash]",
          "path": "scripts/second.pex",
          "size": 131
        }
      ],
      "source_hash": "[source_hash]"
    },
    "skyrim - textures.ba2": {
      "files": [
        {
          "hash": "[hash]",
          "path": "textures/generated_color.dds",
          "size": 2892
        },
        {
          "hash": "[hash]",
          "path": "textures/generated_normal.dds",
          "size": 5636
        },
        {
          "hash": "[hash]",
          "path": "textures/generated_color_x8.dds",
          "size": 5588
        },
        {
          "hash": "[hash]",
          "path": "textures/generated_cube.dds",
          "size": 4324
        },
        {
          "hash": "[hash]",
          "path": "textures/generated_volume.dds",
          "size": 2876
        }
      ],
      "source_hash": "[source_hash]"
    }
  },
  "complete": true,
  "configuration_hash": "508de5874ce448ff192e55520bc249f44a2416b9e259b7797e53cdbd5ec0a3c0",
  "entries": {
    "meshes/generated.nif": {
      "output": "meshes/generated.glb",
      "output_hash": "[output_hash]",
      "output_size": 1868,
      "source_hash": "[source_hash]"
    },
    "scripts/generated.pex": {
      "output": "scripts/generated.luau",
      "output_hash": "[output_hash]",
      "output_size": 995,
      "source_hash": "[source_hash]"
    },
    "scripts/second.pex": {
      "output": "scripts/second.luau",
      "output_hash": "[output_hash]",
      "output_size": 992,
      "source_hash": "[source_hash]"
    },
    "textures/generated_color.dds": {
      "output": "textures/generated_color.ktx2",
      "output_hash": "[output_hash]",
      "output_size": 3169,
      "source_hash": "[source_hash]"
    },
    "textures/generated_color_x8.dds": {
      "output": "textures/generated_color_x8.ktx2",
      "output_hash": "[output_hash]",
      "output_size": 1785,
      "source_hash": "[source_hash]"
    },
    "textures/generated_cube.dds": {
      "output": "textures/generated_cube.ktx2",
      "output_hash": "[output_hash]",
      "output_size": 4537,
      "source_hash": "[source_hash]"
    },
    "textures/generated_normal.dds": {
      "output": "textures/generated_normal.ktx2",
      "output_hash": "[output_hash]",
      "output_size": 5913,
      "source_hash": "[source_hash]"
    },
    "textures/generated_volume.dds": {
      "output": "textures/generated_volume.ktx2",
      "output_hash": "[output_hash]",
      "output_size": 2689,
      "source_hash": "[source_hash]"
    }
  },
  "failures": {},
  "inputs_by_kind": {
    "dds": 5,
    "nif": 1,
    "pex": 2
  },
  "pruned_texture_references": {},
  "schema_version": 17
}
